THE CLIMB. dawn/duel {"dawn":"duel"} collection fresh (6 awake, handicap 0.75, cautions 000112222), player caution 8, 100 climbs a night.
  night                 clear   boards   p(board)   rung reached   lanterns   wipes at: 1-4 / 5-8 / mansion   p by rung 1..9
  m1  gate                27%    12.0      63.6%       5.1        2.57       42% /  27% /   4%    67 59 66 54 64 69 71 61 60
  m2  bearer              40%    14.2      67.7%       6.1        2.42       28% /  31% /   1%    75 68 77 57 64 65 67 64 75
  m3  gathered stars      33%    13.9      66.2%       5.9        2.49       25% /  39% /   3%    72 67 66 71 67 63 66 59 66
  m4  follower            22%    12.6      61.7%       5.2        2.74       40% /  32% /   6%    73 63 77 46 63 61 63 55 55
  m5  blaze               30%    12.8      64.5%       5.3        2.51       36% /  27% /   7%    65 66 69 59 63 65 69 65 61
  m6  storm                3%    10.5      52.4%       2.4        1.97       73% /  23% /   1%    49 52 56 57 53 58 49 43 63
  m7  return              35%    12.8      66.3%       5.5        2.48       32% /  30% /   3%    70 59 72 62 66 68 63 71 68
  m8  ghost               38%    14.4      68.4%       6.3        2.36       17% /  43% /   2%    82 72 75 68 64 63 61 65 74
  m9  glance              28%    13.2      64.4%       5.5        2.52       25% /  42% /   5%    76 61 71 74 58 58 60 68 67
  m10 throne              29%    12.6      65.4%       5.4        2.54       33% /  32% /   6%    68 64 70 60 64 71 64 64 63
  m11 mane                34%    13.8      68.4%       6.0        2.37       26% /  37% /   3%    73 67 75 62 73 72 66 58 67
  m12 turning             22%    12.8      64.3%       5.3        2.66       31% /  41% /   6%    72 60 71 65 65 67 56 64 61
  m13 hand                36%    14.1      67.1%       6.0        2.41       25% /  35% /   4%    71 66 74 71 66 64 64 63 69
  m14 jewel               20%    12.0      62.0%       5.0        2.72       38% /  36% /   6%    74 57 70 54 63 62 58 61 60
  m15 veil                41%    14.4      69.6%       6.3        2.24       22% /  32% /   5%    74 74 75 72 65 73 64 66 71
  m16 claws               25%    12.3      63.0%       5.0        2.63       40% /  32% /   3%    73 56 69 56 64 61 64 66 59
  m17 crown               32%    13.2      66.4%       5.7        2.45       30% /  35% /   3%    67 66 68 80 61 65 66 63 71
  m18 heart               36%    14.1      66.3%       6.0        2.44       24% /  36% /   4%    71 69 67 76 60 62 70 67 65
  m19 root                30%    13.6      66.4%       5.9        2.46       27% /  36% /   7%    79 65 69 61 68 64 64 63 65
  m20 flock               19%    11.2      60.3%       4.6        2.73       42% /  36% /   3%    64 60 65 53 61 61 57 66 58
  m21 empty district      48%    14.6      71.6%       6.6        2.22       22% /  28% /   2%    70 79 70 72 71 75 66 67 77
  m22 listener            25%    12.4      62.4%       5.1        2.61       38% /  32% /   5%    75 57 71 60 61 57 68 60 58
  m23 drum                31%    13.1      65.8%       5.5        2.48       32% /  34% /   3%    70 63 67 68 66 69 61 59 70
  m24 void                22%    12.1      61.7%       4.9        2.67       36% /  39% /   3%    64 62 72 68 56 56 58 65 66
  m25 hideaway            27%    13.3      64.4%       5.5        2.55       32% /  35% /   6%    86 61 80 54 60 57 68 67 61
  m26 chamber             29%    12.6      65.3%       5.4        2.52       39% /  26% /   6%    71 65 79 49 66 65 64 65 65
  m27 guide               36%    13.9      66.1%       5.8        2.42       32% /  23% /   9%    77 55 71 71 69 65 64 66 63
  m28 thread              27%    13.5      63.4%       5.5        2.62       34% /  32% /   7%    69 58 73 69 66 58 60 65 59

  ALL   clear 29.5%   p(board) 65.1%   boards a climb 13.1
