THE CLIMB. greedy player collection fresh (6 awake, handicap 0.75, cautions 000112222), player caution 0, 200 climbs a night.
  night                 clear   boards   p(board)   rung reached   lanterns   wipes at: 1-4 / 5-8 / mansion   p by rung 1..9
  m1  gate                 7%     9.5      56.0%       3.8        2.91       58% /  30% /   6%    69 47 65 42 63 50 64 51 51
  m2  bearer              16%    11.0      59.4%       4.5        2.75       51% /  29% /   5%    79 48 74 44 61 55 63 59 57
  m3  gathered stars       7%     9.3      55.7%       3.8        2.90       54% /  36% /   4%    63 52 63 47 58 50 60 54 52
  m4  follower             2%     7.5      50.2%       3.0        2.97       70% /  29% /   0%    69 39 72 32 51 43 55 33 64
  m5  blaze                5%     9.2      54.1%       3.6        2.94       57% /  35% /   4%    69 43 70 44 59 45 58 50 47
  m6  storm                1%     9.3      47.2%       1.6        1.99       90% /  10% /   0%    49 46 46 39 54 56 33 38 60
  m7  return               5%     8.4      53.1%       3.4        2.94       63% /  28% /   4%    56 54 57 40 55 54 54 56 49
  m8  ghost                7%     9.3      55.5%       3.8        2.90       54% /  35% /   5%    58 64 53 51 54 55 51 57 51
  m9  glance               2%     7.2      48.4%       2.7        2.98       68% /  29% /   2%    57 39 58 49 49 40 44 55 48
  m10 throne               5%     9.4      54.5%       3.8        2.94       57% /  35% /   4%    68 48 66 44 58 53 49 49 46
  m11 mane                 5%     9.4      54.6%       3.7        2.93       54% /  38% /   4%    66 47 68 46 56 49 62 41 51
  m12 turning              4%     7.9      50.7%       3.1        2.96       69% /  25% /   3%    66 38 63 37 53 46 59 51 48
  m13 hand                 9%     9.8      55.5%       3.9        2.85       50% /  39% /   3%    64 54 65 53 53 47 55 55 52
  m14 jewel                4%     8.0      51.2%       3.2        2.95       63% /  32% /   2%    71 37 73 37 50 43 53 53 55
  m15 veil                 7%     9.1      54.7%       3.7        2.89       53% /  39% /   2%    57 59 59 52 53 49 54 47 59
  m16 claws                3%     7.5      50.0%       2.9        2.94       69% /  28% /   1%    70 33 65 39 54 47 51 44 58
  m17 crown                9%    10.1      56.7%       4.0        2.87       52% /  33% /   7%    73 48 72 45 61 49 59 57 49
  m18 heart                6%     8.6      53.5%       3.5        2.92       60% /  34% /   2%    59 50 71 40 57 43 61 47 55
  m19 root                 2%     8.3      51.5%       3.3        2.98       62% /  33% /   4%    70 40 65 41 50 49 51 49 41
  m20 flock                3%     7.8      50.0%       3.0        2.96       67% /  30% /   1%    67 36 64 42 58 36 52 49 49
  m21 empty district       5%     8.8      53.4%       3.5        2.93       59% /  33% /   5%    52 57 56 51 57 51 52 49 49
  m22 listener            14%    10.6      58.4%       4.3        2.81       50% /  34% /   3%    74 47 73 47 61 51 61 54 60
  m23 drum                 9%     9.5      55.4%       3.7        2.88       57% /  31% /   5%    62 54 67 42 54 48 62 57 55
  m24 void                 2%     7.9      50.8%       3.1        2.98       70% /  25% /   4%    76 33 70 34 62 42 61 48 38
  m25 hideaway             7%     9.6      55.3%       3.8        2.90       55% /  35% /   4%    76 44 78 40 59 44 62 50 52
  m26 chamber             14%    11.2      59.5%       4.5        2.81       45% /  36% /   5%    80 46 76 48 63 53 70 52 55
  m27 guide               16%    11.0      59.3%       4.4        2.75       50% /  31% /   4%    78 40 87 46 66 55 64 55 59
  m28 thread               8%     9.7      56.2%       3.9        2.88       56% /  34% /   4%    77 42 78 40 58 55 54 50 57

  ALL   clear 6.3%   p(board) 54.3%   boards a climb 9.1
