THE CLIMB. player leads every walker rung {} collection fresh (6 awake, handicap 0.75, cautions 000112222), player caution 8, 100 climbs a night.
  night                 clear   boards   p(board)   rung reached   lanterns   wipes at: 1-4 / 5-8 / mansion   p by rung 1..9
  m1  gate                44%    15.5      68.7%       6.5        2.27       23% /  24% /   9%    75 78 69 68 66 70 70 67 63
  m2  bearer              58%    17.3      70.8%       7.4        1.97       12% /  25% /   5%    85 82 79 70 67 67 71 66 67
  m3  gathered stars      35%    14.1      66.3%       5.9        2.52       29% /  30% /   6%    75 68 65 65 67 65 61 73 62
  m4  follower            46%    18.0      67.3%       7.1        2.27       13% /  29% /  12%    75 78 81 74 69 65 70 61 55
  m5  blaze               38%    14.5      66.3%       6.0        2.37       25% /  28% /   9%    70 67 78 71 65 65 65 71 57
  m6  storm                3%    10.7      53.2%       2.3        1.97       77% /  18% /   2%    50 55 56 49 59 49 63 50 58
  m7  return              46%    14.8      69.3%       6.4        2.20       22% /  27% /   5%    75 68 71 72 73 65 67 67 68
  m8  ghost               51%    16.3      70.5%       7.0        2.10       12% /  32% /   5%    88 70 76 78 69 65 67 69 67
  m9  glance              38%    14.5      66.5%       6.1        2.36       20% /  37% /   5%    77 75 71 69 63 64 60 71 60
  m10 throne              39%    15.7      67.4%       6.5        2.28       18% /  31% /  12%    80 71 78 72 64 67 65 65 60
  m11 mane                54%    17.0      70.6%       7.2        2.08        9% /  30% /   7%    77 80 81 76 68 72 67 68 64
  m12 turning             35%    15.2      66.3%       6.3        2.43       21% /  36% /   8%    74 75 71 71 66 64 64 62 59
  m13 hand                37%    14.7      67.6%       6.3        2.33       20% /  36% /   7%    81 72 75 67 63 66 65 65 64
  m14 jewel               32%    15.8      65.0%       6.3        2.51       18% /  40% /  10%    79 76 75 67 65 60 60 61 57
  m15 veil                52%    16.2      69.7%       7.0        2.12       15% /  29% /   4%    79 85 78 71 66 66 64 67 68
  m16 claws               30%    14.1      65.8%       5.9        2.45       25% /  38% /   7%    79 65 75 64 66 66 57 65 61
  m17 crown               49%    16.7      68.7%       6.9        2.22       16% /  24% /  11%    72 80 84 71 62 69 68 68 63
  m18 heart               40%    15.3      67.4%       6.4        2.29       20% /  31% /   9%    75 74 73 71 68 60 67 70 60
  m19 root                48%    16.1      69.2%       6.9        2.25       17% /  27% /   8%    78 82 75 64 69 67 69 67 62
  m20 flock               25%    14.0      63.2%       5.7        2.60       24% /  40% /  11%    71 75 74 58 58 64 59 65 55
  m21 empty district      47%    14.7      71.3%       6.6        2.23       22% /  26% /   5%    71 72 71 71 78 71 73 65 69
  m22 listener            44%    16.0      67.3%       6.5        2.30       20% /  31% /   5%    76 75 72 77 65 64 66 65 61
  m23 drum                46%    15.4      69.5%       6.6        2.21       21% /  30% /   3%    76 68 75 75 70 71 63 65 70
  m24 void                29%    14.6      65.1%       6.0        2.47       18% /  45% /   8%    72 73 76 69 59 62 64 66 58
  m25 hideaway            53%    18.1      69.2%       7.4        2.00        5% /  34% /   8%    92 86 86 74 66 64 68 67 57
  m26 chamber             46%    16.6      68.6%       6.9        2.19       15% /  31% /   8%    73 77 83 73 69 65 69 64 61
  m27 guide               50%    16.4      69.4%       6.9        2.17       12% /  30% /   8%    78 77 71 81 65 67 70 70 63
  m28 thread              30%    14.5      65.2%       5.9        2.50       27% /  33% /  10%    71 67 80 66 65 66 60 63 57

  ALL   clear 40.9%   p(board) 67.6%   boards a climb 15.5
