THE CLIMB. dawn/top {"dawn":"top"} collection fresh (6 awake, handicap 0.75, cautions 000112222), player caution 8, 100 climbs a night.
  night                 clear   boards   p(board)   rung reached   lanterns   wipes at: 1-4 / 5-8 / mansion   p by rung 1..9
  m1  gate                26%    12.1      63.5%       5.1        2.58       44% /  23% /   7%    72 58 66 52 68 67 68 64 56
  m2  bearer              33%    13.2      67.1%       5.8        2.47       32% /  31% /   4%    80 63 75 53 67 62 64 71 74
  m3  gathered stars      36%    14.2      66.8%       6.0        2.46       25% /  36% /   3%    76 64 70 69 66 65 67 59 68
  m4  follower            18%    12.8      61.8%       5.2        2.74       38% /  35% /   9%    74 60 76 51 66 60 64 53 53
  m5  blaze               27%    13.2      64.1%       5.4        2.56       35% /  28% /  10%    72 65 72 58 62 63 72 65 55
  m6  storm                3%    10.6      53.0%       2.4        1.96       76% /  21% /   0%    52 55 53 50 55 51 59 42 58
  m7  return              38%    13.4      67.1%       5.7        2.45       34% /  22% /   6%    73 58 74 57 69 68 64 73 67
  m8  ghost               40%    15.1      68.0%       6.5        2.36       18% /  37% /   5%    85 70 76 67 67 64 60 66 67
  m9  glance              27%    12.8      63.8%       5.3        2.55       35% /  32% /   6%    78 56 70 66 62 58 66 66 61
  m10 throne              34%    13.2      65.7%       5.6        2.46       34% /  25% /   7%    74 62 73 58 63 67 68 68 61
  m11 mane                38%    14.2      68.3%       6.1        2.37       28% /  31% /   3%    74 66 78 60 77 71 65 60 66
  m12 turning             23%    12.4      64.4%       5.3        2.59       36% /  35% /   6%    73 59 71 59 66 64 60 65 64
  m13 hand                37%    14.5      65.7%       6.0        2.46       24% /  32% /   7%    75 61 75 71 65 64 61 64 65
  m14 jewel               19%    12.1      62.0%       5.0        2.72       37% /  38% /   6%    79 57 69 55 64 60 54 64 59
  m15 veil                44%    14.7      70.1%       6.5        2.28       23% /  30% /   3%    79 74 71 68 68 74 62 67 73
  m16 claws               18%    12.1      61.2%       4.8        2.76       40% /  36% /   6%    78 52 70 54 64 55 63 58 59
  m17 crown               31%    13.6      65.7%       5.7        2.51       27% /  37% /   5%    70 61 75 74 62 69 62 61 65
  m18 heart               26%    13.7      65.1%       5.8        2.54       25% /  43% /   6%    75 68 74 64 63 61 63 63 61
  m19 root                30%    13.7      65.3%       5.8        2.51       30% /  34% /   6%    80 62 72 57 67 64 69 57 61
  m20 flock               15%    11.0      60.1%       4.5        2.78       44% /  37% /   4%    64 55 74 48 62 66 56 57 57
  m21 empty district      50%    14.6      71.9%       6.6        2.13       22% /  27% /   1%    69 75 74 70 72 75 68 69 75
  m22 listener            30%    13.1      63.6%       5.3        2.52       36% /  30% /   4%    78 55 69 65 64 61 69 61 56
  m23 drum                30%    12.7      64.8%       5.3        2.55       36% /  30% /   4%    74 56 70 63 65 62 64 66 66
  m24 void                23%    12.9      62.6%       5.2        2.62       29% /  44% /   4%    68 63 72 72 55 60 59 61 65
  m25 hideaway            28%    13.1      65.3%       5.5        2.48       37% /  30% /   5%    87 60 86 45 66 62 64 66 62
  m26 chamber             30%    12.9      65.5%       5.5        2.51       36% /  29% /   5%    71 64 80 51 68 70 61 60 65
  m27 guide               38%    13.6      66.7%       5.7        2.37       36% /  21% /   5%    80 51 75 64 74 63 66 66 67
  m28 thread              18%    12.1      60.6%       4.8        2.76       40% /  36% /   6%    69 52 71 67 61 55 59 61 57

  ALL   clear 28.9%   p(board) 64.9%   boards a climb 13.1
