THE CLIMB. careful player collection fresh (6 awake, handicap 0.75, cautions 000112222), player caution 8, 200 climbs a night.
  night                 clear   boards   p(board)   rung reached   lanterns   wipes at: 1-4 / 5-8 / mansion   p by rung 1..9
  m1  gate                28%    12.7      63.9%       5.3        2.56       39% /  28% /   5%    74 55 69 55 69 62 70 63 59
  m2  bearer              39%    14.7      66.6%       6.1        2.40       29% /  27% /   7%    84 65 79 53 69 60 69 64 65
  m3  gathered stars      35%    13.4      67.1%       5.7        2.42       31% /  30% /   5%    74 61 68 65 67 66 70 67 66
  m4  follower            18%    12.1      60.8%       4.8        2.73       44% /  32% /   8%    77 50 77 51 66 56 70 51 57
  m5  blaze               26%    12.7      63.0%       5.1        2.58       39% /  28% /   8%    68 60 74 56 66 60 67 63 57
  m6  storm                3%    10.8      52.8%       2.3        1.98       75% /  20% /   3%    51 56 54 52 52 51 57 69 44
  m7  return              39%    13.9      67.3%       5.9        2.34       31% /  25% /   6%    73 64 74 58 70 65 68 71 64
  m8  ghost               39%    14.4      69.2%       6.3        2.29       23% /  31% /   7%    78 68 75 63 69 66 71 68 67
  m9  glance              28%    13.1      63.5%       5.4        2.62       33% /  34% /   6%    75 55 73 66 61 60 66 66 59
  m10 throne              34%    13.6      65.0%       5.7        2.46       32% /  30% /   5%    77 63 76 58 63 61 67 63 62
  m11 mane                43%    14.6      68.0%       6.2        2.28       28% /  28% /   3%    78 64 80 61 73 64 68 62 66
  m12 turning             24%    12.4      63.3%       5.2        2.60       37% /  33% /   6%    70 56 76 57 64 61 64 64 61
  m13 hand                35%    13.8      66.3%       5.8        2.46       30% /  31% /   5%    78 65 71 62 67 65 64 64 64
  m14 jewel               21%    12.3      61.2%       5.0        2.71       37% /  38% /   5%    75 57 69 56 64 56 59 58 58
  m15 veil                42%    14.7      69.6%       6.4        2.24       20% /  32% /   7%    76 75 75 68 66 69 68 64 71
  m16 claws               16%    11.5      60.4%       4.7        2.77       41% /  39% /   5%    76 49 73 53 64 54 66 52 58
  m17 crown               32%    13.6      66.2%       5.7        2.49       30% /  32% /   7%    73 61 75 63 65 66 64 66 64
  m18 heart               32%    13.8      65.9%       5.8        2.50       28% /  37% /   4%    75 67 74 58 66 63 63 62 67
  m19 root                38%    13.8      67.1%       5.8        2.38       32% /  27% /   4%    77 57 76 60 72 65 70 63 66
  m20 flock               15%    10.7      59.2%       4.4        2.77       49% /  34% /   3%    72 50 74 46 65 54 55 55 61
