THE CLIMB. player leads + dawn/top {"dawn":"top"} collection fresh (6 awake, handicap 0.75, cautions 000112222), player caution 8, 100 climbs a night.
  night                 clear   boards   p(board)   rung reached   lanterns   wipes at: 1-4 / 5-8 / mansion   p by rung 1..9
  m1  gate                42%    14.9      68.5%       6.4        2.31       26% /  25% /   7%    72 78 67 66 65 75 73 64 62
  m2  bearer              46%    15.6      70.3%       6.8        2.14       15% /  35% /   4%    80 82 79 67 65 69 64 67 72
  m3  gathered stars      36%    14.1      66.2%       6.0        2.50       26% /  33% /   5%    76 66 65 65 64 67 64 68 63
  m4  follower            44%    16.9      67.1%       6.8        2.29       15% /  32% /   9%    74 73 77 80 65 64 67 64 59
  m5  blaze               32%    14.4      65.7%       5.9        2.45       26% /  31% /  11%    72 66 76 69 64 68 67 66 54
  m6  storm                2%    10.7      52.5%       2.3        1.98       78% /  18% /   2%    52 53 55 48 62 39 65 59 47
  m7  return              46%    14.8      68.9%       6.4        2.31       23% /  26% /   5%    73 69 72 71 69 64 70 64 70
  m8  ghost               48%    16.1      69.6%       6.9        2.19       15% /  31% /   6%    85 69 79 75 69 65 66 67 66
  m9  glance              37%    14.9      66.5%       6.2        2.41       22% /  33% /   8%    78 72 73 67 63 64 66 64 61
  m10 throne              36%    14.4      67.0%       6.1        2.36       22% /  38% /   4%    74 74 74 68 66 62 63 63 65
  m11 mane                47%    15.9      69.9%       6.8        2.16       16% /  31% /   6%    74 74 81 76 71 70 65 66 64
  m12 turning             32%    14.8      66.2%       6.1        2.47       20% /  41% /   7%    73 72 73 73 66 62 63 61 62
  m13 hand                35%    14.7      67.1%       6.2        2.37       23% /  33% /   9%    75 74 77 64 67 62 66 61 64
  m14 jewel               26%    14.6      64.3%       5.9        2.58       23% /  42% /   9%    79 73 71 66 65 64 57 58 56
  m15 veil                48%    15.2      69.4%       6.6        2.26       20% /  29% /   3%    79 79 73 68 66 61 68 69 71
  m16 claws               25%    14.7      64.6%       6.0        2.63       22% /  43% /  10%    78 73 73 62 65 63 57 60 58
  m17 crown               35%    15.7      66.1%       6.4        2.46       19% /  32% /  14%    70 77 77 76 62 67 60 66 58
  m18 heart               46%    15.6      68.5%       6.6        2.25       18% /  33% /   3%    75 78 74 71 65 65 68 66 65
  m19 root                44%    15.2      68.2%       6.5        2.31       22% /  27% /   7%    80 81 71 59 70 65 68 68 61
  m20 flock               25%    13.3      62.9%       5.4        2.58       29% /  38% /   8%    64 73 71 60 60 63 63 65 55
  m21 empty district      44%    14.3      70.0%       6.3        2.29       24% /  28% /   4%    69 72 71 67 74 70 70 66 69
  m22 listener            43%    15.8      67.6%       6.6        2.21       19% /  27% /  11%    78 74 73 76 64 69 66 70 56
  m23 drum                40%    14.9      67.5%       6.2        2.33       25% /  31% /   4%    74 71 71 73 67 70 61 65 63
  m24 void                27%    13.5      63.7%       5.6        2.60       27% /  40% /   6%    68 73 71 63 57 60 66 61 63
  m25 hideaway            46%    17.3      68.5%       7.2        2.11        7% /  40% /   7%    87 82 89 73 68 60 70 60 59
  m26 chamber             47%    16.0      70.2%       6.8        2.17       19% /  25% /   9%    71 76 81 72 71 70 65 71 64
  m27 guide               49%    16.2      70.0%       7.0        2.16       13% /  29% /   9%    80 79 68 76 71 67 65 71 65
  m28 thread              31%    14.4      64.9%       5.8        2.51       30% /  27% /  12%    69 73 74 65 62 63 67 63 57

  ALL   clear 37.8%   p(board) 67.1%   boards a climb 15.0
