THE CLIMB. dawn/pair {"dawn":"pair"} collection fresh (6 awake, handicap 0.75, cautions 000112222), player caution 8, 100 climbs a night.
  night                 clear   boards   p(board)   rung reached   lanterns   wipes at: 1-4 / 5-8 / mansion   p by rung 1..9
  m1  gate                29%    11.8      66.0%       5.2        2.52       42% /  25% /   4%    61 71 52 66 66 76 59 74 73
  m2  bearer              35%    12.5      67.4%       5.5        2.35       33% /  31% /   1%    67 76 62 65 57 71 63 77 77
  m3  gathered stars      37%    13.3      68.2%       5.8        2.40       28% /  32% /   3%    62 76 57 81 67 75 61 70 71
  m4  follower            20%    12.0      62.3%       5.0        2.68       39% /  34% /   7%    60 72 66 59 61 65 59 61 58
  m5  blaze               26%    11.3      63.1%       4.8        2.53       39% /  32% /   3%    58 73 59 66 53 71 63 71 63
  m6  storm                3%     9.7      51.1%       2.2        1.96       77% /  19% /   1%    46 60 43 64 50 53 57 67 55
  m7  return              32%    12.6      65.9%       5.5        2.53       26% /  39% /   3%    62 66 64 77 60 69 60 70 71
  m8  ghost               36%    14.2      68.5%       6.3        2.41       16% /  42% /   6%    76 79 63 79 62 71 61 63 73
  m9  glance              21%    12.1      62.7%       5.0        2.67       31% /  42% /   6%    64 70 55 81 53 62 56 72 67
  m10 throne              31%    12.3      66.6%       5.3        2.49       32% /  34% /   3%    61 74 60 75 61 76 64 64 70
  m11 mane                42%    14.3      69.6%       6.3        2.27       20% /  34% /   4%    68 79 64 81 65 76 57 71 74
  m12 turning             23%    11.4      62.8%       4.8        2.60       39% /  34% /   4%    59 69 54 74 57 69 54 70 68
  m13 hand                27%    12.9      65.8%       5.5        2.54       28% /  38% /   7%    60 78 58 81 61 72 57 72 66
  m14 jewel               24%    11.6      62.7%       5.0        2.66       34% /  40% /   2%    66 72 59 62 53 69 56 67 70
  m15 veil                38%    13.2      68.6%       5.8        2.37       22% /  38% /   2%    61 84 64 82 55 79 62 75 74
  m16 claws               23%    11.5      61.7%       4.8        2.67       38% /  37% /   2%    64 68 53 72 56 64 54 68 65
  m17 crown               30%    12.8      65.9%       5.5        2.51       30% /  34% /   6%    59 75 63 84 58 72 57 72 69
  m18 heart               32%    13.9      67.2%       6.0        2.42       22% /  35% /  11%    67 82 62 79 60 64 65 78 63
  m19 root                30%    13.1      67.0%       5.8        2.48       29% /  33% /   8%    73 75 58 70 63 69 63 75 64
  m20 flock               17%    10.7      60.1%       4.4        2.74       42% /  33% /   8%    53 72 57 62 54 70 63 65 56
  m21 empty district      46%    13.3      71.0%       6.1        2.27       26% /  28% /   0%    58 89 57 81 69 77 66 73 79
  m22 listener            23%    12.5      63.4%       5.2        2.69       30% /  42% /   5%    63 74 59 71 56 66 66 60 63
  m23 drum                28%    12.2      65.5%       5.2        2.52       38% /  26% /   8%    60 74 57 70 66 71 57 74 67
  m24 void                17%    11.5      60.3%       4.7        2.73       34% /  44% /   5%    57 69 64 80 50 62 54 63 64
  m25 hideaway            33%    13.6      65.6%       5.8        2.47       26% /  36% /   5%    72 69 72 69 63 62 56 72 64
  m26 chamber             31%    12.8      66.6%       5.5        2.46       33% /  27% /   9%    64 75 62 69 60 73 64 73 65
  m27 guide               40%    13.1      67.1%       5.6        2.37       39% /  15% /   6%    63 68 59 68 67 70 69 70 68
  m28 thread              30%    12.8      65.0%       5.4        2.59       29% /  36% /   5%    58 70 67 76 61 68 54 71 70

  ALL   clear 28.7%   p(board) 65.2%   boards a climb 12.5
