THE CLIMB. dawn/count {"dawn":"count"} collection fresh (6 awake, handicap 0.75, cautions 000112222), player caution 8, 100 climbs a night.
  night                 clear   boards   p(board)   rung reached   lanterns   wipes at: 1-4 / 5-8 / mansion   p by rung 1..9
  m1  gate                28%    12.3      65.7%       5.3        2.54       39% /  27% /   6%    62 70 62 60 68 73 69 67 61
  m2  bearer              37%    13.2      67.9%       5.8        2.44       32% /  27% /   4%    73 70 65 61 63 69 65 76 71
  m3  gathered stars      29%    12.8      65.5%       5.4        2.57       36% /  30% /   5%    67 68 60 68 65 66 61 71 66
  m4  follower            29%    14.1      64.0%       5.7        2.58       28% /  36% /   7%    68 69 73 65 62 64 64 57 59
  m5  blaze               33%    13.3      64.8%       5.5        2.48       32% /  28% /   7%    59 74 71 69 59 68 66 72 57
  m6  storm                3%    10.2      52.0%       2.3        1.95       71% /  26% /   0%    47 59 51 59 53 43 64 35 75
  m7  return              32%    13.1      65.7%       5.7        2.54       28% /  34% /   6%    66 68 68 67 62 68 57 72 68
  m8  ghost               46%    15.8      69.5%       6.8        2.32       10% /  38% /   6%    85 76 74 74 65 68 61 69 68
  m9  glance              26%    12.6      63.9%       5.3        2.58       29% /  39% /   6%    69 67 58 83 57 60 60 77 61
  m10 throne              35%    13.0      67.0%       5.7        2.39       31% /  28% /   6%    69 76 67 64 61 71 67 69 64
  m11 mane                45%    14.1      70.2%       6.2        2.26       24% /  31% /   0%    66 72 72 74 71 71 65 68 74
  m12 turning             27%    12.4      64.8%       5.3        2.55       34% /  33% /   6%    66 67 65 66 61 65 63 72 63
  m13 hand                35%    13.6      66.6%       5.8        2.48       26% /  33% /   6%    67 74 65 71 62 73 59 66 69
  m14 jewel               23%    12.7      62.8%       5.3        2.70       30% /  42% /   5%    71 67 65 61 60 61 54 64 67
  m15 veil                42%    13.6      70.9%       6.2        2.28       22% /  32% /   4%    65 80 62 86 62 77 63 78 77
  m16 claws               14%    11.2      59.9%       4.5        2.80       45% /  36% /   5%    66 62 59 60 60 59 53 63 56
  m17 crown               35%    13.6      67.4%       5.9        2.43       22% /  39% /   4%    65 72 67 83 61 68 61 72 69
  m18 heart               31%    13.9      66.1%       5.9        2.48       24% /  39% /   6%    69 72 70 69 62 65 67 61 66
  m19 root                35%    13.2      66.8%       5.7        2.43       32% /  31% /   2%    70 69 64 65 66 67 67 65 66
  m20 flock               24%    10.8      62.0%       4.5        2.64       45% /  28% /   3%    58 68 64 52 55 67 59 74 68
  m21 empty district      50%    13.7      72.0%       6.2        2.19       28% /  21% /   1%    59 86 61 83 67 80 67 74 79
  m22 listener            30%    12.8      65.1%       5.3        2.49       36% /  27% /   7%    68 64 65 65 62 71 70 63 60
  m23 drum                33%    13.0      65.9%       5.5        2.54       34% /  28% /   5%    66 65 64 66 67 69 60 71 65
  m24 void                21%    12.1      62.2%       5.0        2.68       34% /  41% /   4%    60 70 63 74 53 64 57 64 69
  m25 hideaway            29%    13.1      65.0%       5.5        2.53       29% /  38% /   4%    75 66 74 56 63 62 61 64 68
  m26 chamber             29%    12.3      65.1%       5.2        2.54       41% /  25% /   5%    64 67 63 61 66 72 55 77 63
  m27 guide               31%    12.6      66.2%       5.4        2.50       39% /  22% /   8%    71 60 63 64 67 67 70 73 62
  m28 thread              19%    11.6      61.8%       4.8        2.69       38% /  38% /   5%    60 63 68 67 56 62 60 61 66

  ALL   clear 30.4%   p(board) 65.5%   boards a climb 12.9
